
> muskingum-materials@1.0.0 build
> next build

 ⚠ Invalid next.config.ts options detected: 
 ⚠     Unrecognized key(s) in object: 'optimizeFonts'
 ⚠ See more info here: https://nextjs.org/docs/messages/invalid-next-config
 ⚠ Warning: Next.js inferred your workspace root, but it may not be correct.
 We detected multiple lockfiles and selected the directory of /Users/jordanlang/Repos/muskingum-materials/package-lock.json as the root directory.
 To silence this warning, set `outputFileTracingRoot` in your Next.js config, or consider removing one of the lockfiles if it's not needed.
   See https://nextjs.org/docs/app/api-reference/config/next-config-js/output#caveats for more information.
 Detected additional lockfiles: 
   * /Users/jordanlang/Repos/muskingum-materials/.auto-claude/worktrees/tasks/082-eliminate-sanity-studio-from-main-app-bundle-with-/package-lock.json

   ▲ Next.js 15.5.18
   - Environments: .env.local

   Creating an optimized production build ...
Failed to fetch font `Inter`: https://fonts.googleapis.com/css2?family=Inter:wght@100..900&display=swap
Please check your network connection.

Retrying 1/3...
Failed to fetch font `Outfit`: https://fonts.googleapis.com/css2?family=Outfit:wght@100..900&display=swap
Please check your network connection.

Retrying 1/3...
Failed to fetch font `Anton`: https://fonts.googleapis.com/css2?family=Anton:wght@400&display=swap
Please check your network connection.

Retrying 1/3...
Failed to fetch font `JetBrains Mono`: https://fonts.googleapis.com/css2?family=JetBrains+Mono:wght@100..800&display=swap
Please check your network connection.

Retrying 1/3...
Failed to fetch font `Inter`: https://fonts.googleapis.com/css2?family=Inter:wght@100..900&display=swap
Please check your network connection.

Retrying 2/3...
Failed to fetch font `Outfit`: https://fonts.googleapis.com/css2?family=Outfit:wght@100..900&display=swap
Please check your network connection.

Retrying 2/3...
Failed to fetch font `Anton`: https://fonts.googleapis.com/css2?family=Anton:wght@400&display=swap
Please check your network connection.

Retrying 2/3...
Failed to fetch font `JetBrains Mono`: https://fonts.googleapis.com/css2?family=JetBrains+Mono:wght@100..800&display=swap
Please check your network connection.

Retrying 2/3...
Failed to fetch font `Inter`: https://fonts.googleapis.com/css2?family=Inter:wght@100..900&display=swap
Please check your network connection.

Retrying 3/3...
Failed to fetch font `Outfit`: https://fonts.googleapis.com/css2?family=Outfit:wght@100..900&display=swap
Please check your network connection.

Retrying 3/3...
Failed to fetch font `Anton`: https://fonts.googleapis.com/css2?family=Anton:wght@400&display=swap
Please check your network connection.

Retrying 3/3...
Failed to fetch font `JetBrains Mono`: https://fonts.googleapis.com/css2?family=JetBrains+Mono:wght@100..800&display=swap
Please check your network connection.

Retrying 3/3...
[Error: Failed to fetch font `Inter`: https://fonts.googleapis.com/css2?family=Inter:wght@100..900&display=swap
Please check your network connection.]
[Error: Failed to fetch font `Outfit`: https://fonts.googleapis.com/css2?family=Outfit:wght@100..900&display=swap
Please check your network connection.]
[Error: Failed to fetch font `Anton`: https://fonts.googleapis.com/css2?family=Anton:wght@400&display=swap
Please check your network connection.]
[Error: Failed to fetch font `JetBrains Mono`: https://fonts.googleapis.com/css2?family=JetBrains+Mono:wght@100..800&display=swap
Please check your network connection.]
